// Jest Snapshot v1, https://goo.gl/fbAQLP

exports[`CreateTopFiveReposController should match the snapshot #unit 1`] = `
CreateTopFiveReposController {
  "execute": [Function],
  "gitHubService": GitHubServiceMock {},
  "logger": LoggerMock {},
}
`;
