// Jest Snapshot v1, https://goo.gl/fbAQLP

exports[`ListTopFiveReposController should match the snapshot #unit 1`] = `
ListTopFiveReposController {
  "execute": [Function],
  "gitHubService": GitHubServiceMock {},
  "logger": LoggerMock {},
}
`;
